// Jest Snapshot v1, https://goo.gl/fbAQLP

exports[`SnapShot testing  1`] = `
<div
  class="App"
>
  <header
    class="MuiPaper-root MuiAppBar-root MuiAppBar-positionStatic MuiAppBar-colorPrimary MuiPaper-elevation4"
  >
    <div
      class="MuiToolbar-root MuiToolbar-regular MuiToolbar-gutters"
    >
      <p
        class="MuiTypography-root makeStyles-root-2 MuiTypography-body1"
      >
        Post List App
      </p>
    </div>
  </header>
  <div
    class="MuiBox-root css-1tkyuqa"
  >
    <span
      class="MuiCircularProgress-root MuiCircularProgress-indeterminate MuiCircularProgress-colorPrimary css-18lrjg1-MuiCircularProgress-root"
      role="progressbar"
      style="width: 40px; height: 40px;"
    >
      <svg
        class="MuiCircularProgress-svg css-1idz92c-MuiCircularProgress-svg"
        viewBox="22 22 44 44"
      >
        <circle
          class="MuiCircularProgress-circle MuiCircularProgress-circleIndeterminate css-176wh8e-MuiCircularProgress-circle"
          cx="44"
          cy="44"
          fill="none"
          r="20.2"
          stroke-width="3.6"
        />
      </svg>
    </span>
     Loading
  </div>
</div>
`;

exports[`renders App component 1`] = `
<div
  class="App"
>
  <header
    class="MuiPaper-root MuiAppBar-root MuiAppBar-positionStatic MuiAppBar-colorPrimary MuiPaper-elevation4"
  >
    <div
      class="MuiToolbar-root MuiToolbar-regular MuiToolbar-gutters"
    >
      <p
        class="MuiTypography-root makeStyles-root-2 MuiTypography-body1"
      >
        Post List App
      </p>
    </div>
  </header>
  <div
    class="MuiBox-root css-1tkyuqa"
  >
    <span
      class="MuiCircularProgress-root MuiCircularProgress-indeterminate MuiCircularProgress-colorPrimary css-18lrjg1-MuiCircularProgress-root"
      role="progressbar"
      style="width: 40px; height: 40px;"
    >
      <svg
        class="MuiCircularProgress-svg css-1idz92c-MuiCircularProgress-svg"
        viewBox="22 22 44 44"
      >
        <circle
          class="MuiCircularProgress-circle MuiCircularProgress-circleIndeterminate css-176wh8e-MuiCircularProgress-circle"
          cx="44"
          cy="44"
          fill="none"
          r="20.2"
          stroke-width="3.6"
        />
      </svg>
    </span>
     Loading
  </div>
</div>
`;

exports[`testing on Nav Bar snapshot testing 1`] = `
<header
  class="MuiPaper-root MuiAppBar-root MuiAppBar-positionStatic MuiAppBar-colorPrimary MuiPaper-elevation4"
>
  <div
    class="MuiToolbar-root MuiToolbar-regular MuiToolbar-gutters"
  >
    <p
      class="MuiTypography-root makeStyles-root-6 MuiTypography-body1"
    >
      Post List App
    </p>
  </div>
</header>
`;
